TimeQuest Timing Analyzer report for lattice
Wed Nov 16 16:57:01 2016
Quartus II 64-Bit Version 12.0 Build 178 05/31/2012 SJ Full Version


---------------------
; Table of Contents ;
---------------------
  1. Legal Notice
  2. TimeQuest Timing Analyzer Summary
  3. Parallel Compilation
  4. Clocks
  5. Fmax Summary
  6. Setup Summary
  7. Hold Summary
  8. Recovery Summary
  9. Removal Summary
 10. Minimum Pulse Width Summary
 11. Setup: 'clkin'
 12. Setup: 'gen_div:gen_100k|tmp'
 13. Hold: 'clkin'
 14. Hold: 'gen_div:gen_100k|tmp'
 15. Minimum Pulse Width: 'clkin'
 16. Minimum Pulse Width: 'gen_div:gen_100k|tmp'
 17. Clock to Output Times
 18. Minimum Clock to Output Times
 19. Setup Transfers
 20. Hold Transfers
 21. Report TCCS
 22. Report RSKM
 23. Unconstrained Paths
 24. TimeQuest Timing Analyzer Messages



----------------
; Legal Notice ;
----------------
Copyright (C) 1991-2012 Altera Corporation
Your use of Altera Corporation's design tools, logic functions 
and other software and tools, and its AMPP partner logic 
functions, and any output files from any of the foregoing 
(including device programming or simulation files), and any 
associated documentation or information are expressly subject 
to the terms and conditions of the Altera Program License 
Subscription Agreement, Altera MegaCore Function License 
Agreement, or other applicable license agreement, including, 
without limitation, that your use is for the sole purpose of 
programming logic devices manufactured by Altera and sold by 
Altera or its authorized distributors.  Please refer to the 
applicable agreement for further details.



+------------------------------------------------------------------------+
; TimeQuest Timing Analyzer Summary                                      ;
+--------------------+---------------------------------------------------+
; Quartus II Version ; Version 12.0 Build 178 05/31/2012 SJ Full Version ;
; Revision Name      ; lattice                                           ;
; Device Family      ; Cyclone                                           ;
; Device Name        ; EP1C3T144C8                                       ;
; Timing Models      ; Final                                             ;
; Delay Model        ; Slow Model                                        ;
; Rise/Fall Delays   ; Unavailable                                       ;
+--------------------+---------------------------------------------------+


+------------------------------------------+
; Parallel Compilation                     ;
+----------------------------+-------------+
; Processors                 ; Number      ;
+----------------------------+-------------+
; Number detected on machine ; 4           ;
; Maximum allowed            ; 4           ;
;                            ;             ;
; Average used               ; 1.00        ;
; Maximum used               ; 4           ;
;                            ;             ;
; Usage by Processor         ; % Time Used ;
;     1 processor            ; 100.0%      ;
;     2-4 processors         ; < 0.1%      ;
+----------------------------+-------------+


+------------------------------------------------------------------------------------------------------------------------------------------------------------------------------------------------------------+
; Clocks                                                                                                                                                                                                     ;
+----------------------+------+--------+------------+-------+-------+------------+-----------+-------------+-------+--------+-----------+------------+----------+--------+--------+--------------------------+
; Clock Name           ; Type ; Period ; Frequency  ; Rise  ; Fall  ; Duty Cycle ; Divide by ; Multiply by ; Phase ; Offset ; Edge List ; Edge Shift ; Inverted ; Master ; Source ; Targets                  ;
+----------------------+------+--------+------------+-------+-------+------------+-----------+-------------+-------+--------+-----------+------------+----------+--------+--------+--------------------------+
; clkin                ; Base ; 1.000  ; 1000.0 MHz ; 0.000 ; 0.500 ;            ;           ;             ;       ;        ;           ;            ;          ;        ;        ; { clkin }                ;
; gen_div:gen_100k|tmp ; Base ; 1.000  ; 1000.0 MHz ; 0.000 ; 0.500 ;            ;           ;             ;       ;        ;           ;            ;          ;        ;        ; { gen_div:gen_100k|tmp } ;
+----------------------+------+--------+------------+-------+-------+------------+-----------+-------------+-------+--------+-----------+------------+----------+--------+--------+--------------------------+


+-------------------------------------------------------------------------------------------------------------+
; Fmax Summary                                                                                                ;
+------------+-----------------+----------------------+-------------------------------------------------------+
; Fmax       ; Restricted Fmax ; Clock Name           ; Note                                                  ;
+------------+-----------------+----------------------+-------------------------------------------------------+
; 257.73 MHz ; 257.73 MHz      ; clkin                ;                                                       ;
; 733.14 MHz ; 275.03 MHz      ; gen_div:gen_100k|tmp ; limit due to high minimum pulse width violation (tch) ;
+------------+-----------------+----------------------+-------------------------------------------------------+
This panel reports FMAX for every clock in the design, regardless of the user-specified clock periods.  FMAX is only computed for paths where the source and destination registers or ports are driven by the same clock.  Paths of different clocks, including generated clocks, are ignored.  For paths between a clock and its inversion, FMAX is computed as if the rising and falling edges are scaled along with FMAX, such that the duty cycle (in terms of a percentage) is maintained. Altera recommends that you always use clock constraints and other slack reports for sign-off analysis.


+-----------------------------------------------+
; Setup Summary                                 ;
+----------------------+--------+---------------+
; Clock                ; Slack  ; End Point TNS ;
+----------------------+--------+---------------+
; clkin                ; -2.880 ; -40.051       ;
; gen_div:gen_100k|tmp ; -0.364 ; -0.964        ;
+----------------------+--------+---------------+


+-----------------------------------------------+
; Hold Summary                                  ;
+----------------------+--------+---------------+
; Clock                ; Slack  ; End Point TNS ;
+----------------------+--------+---------------+
; clkin                ; -0.895 ; -0.895        ;
; gen_div:gen_100k|tmp ; 1.047  ; 0.000         ;
+----------------------+--------+---------------+


--------------------
; Recovery Summary ;
--------------------
No paths to report.


-------------------
; Removal Summary ;
-------------------
No paths to report.


+-----------------------------------------------+
; Minimum Pulse Width Summary                   ;
+----------------------+--------+---------------+
; Clock                ; Slack  ; End Point TNS ;
+----------------------+--------+---------------+
; clkin                ; -1.583 ; -43.759       ;
; gen_div:gen_100k|tmp ; -1.318 ; -7.908        ;
+----------------------+--------+---------------+


+------------------------------------------------------------------------------------------------------------------------------------+
; Setup: 'clkin'                                                                                                                     ;
+--------+--------------------------+--------------------------+--------------+-------------+--------------+------------+------------+
; Slack  ; From Node                ; To Node                  ; Launch Clock ; Latch Clock ; Relationship ; Clock Skew ; Data Delay ;
+--------+--------------------------+--------------------------+--------------+-------------+--------------+------------+------------+
; -2.880 ; gen_div:gen_100k|cnt[1]  ; gen_div:gen_100k|cnt[10] ; clkin        ; clkin       ; 1.000        ; -0.010     ; 3.833      ;
; -2.878 ; gen_div:gen_100k|cnt[1]  ; gen_div:gen_100k|cnt[8]  ; clkin        ; clkin       ; 1.000        ; -0.010     ; 3.831      ;
; -2.878 ; gen_div:gen_100k|cnt[1]  ; gen_div:gen_100k|cnt[13] ; clkin        ; clkin       ; 1.000        ; -0.010     ; 3.831      ;
; -2.852 ; gen_div:gen_100k|cnt[14] ; gen_div:gen_100k|cnt[4]  ; clkin        ; clkin       ; 1.000        ; 0.010      ; 3.825      ;
; -2.818 ; gen_div:gen_100k|cnt[2]  ; gen_div:gen_100k|cnt[11] ; clkin        ; clkin       ; 1.000        ; -0.010     ; 3.771      ;
; -2.773 ; gen_div:gen_100k|cnt[14] ; gen_div:gen_100k|tmp     ; clkin        ; clkin       ; 1.000        ; 0.010      ; 3.746      ;
; -2.773 ; gen_div:gen_100k|cnt[14] ; gen_div:gen_100k|cnt[5]  ; clkin        ; clkin       ; 1.000        ; 0.010      ; 3.746      ;
; -2.726 ; gen_div:gen_100k|cnt[1]  ; gen_div:gen_100k|cnt[12] ; clkin        ; clkin       ; 1.000        ; -0.010     ; 3.679      ;
; -2.717 ; gen_div:gen_100k|cnt[0]  ; gen_div:gen_100k|cnt[11] ; clkin        ; clkin       ; 1.000        ; -0.010     ; 3.670      ;
; -2.711 ; gen_div:gen_100k|cnt[14] ; gen_div:gen_100k|cnt[12] ; clkin        ; clkin       ; 1.000        ; 0.000      ; 3.674      ;
; -2.710 ; gen_div:gen_100k|cnt[1]  ; gen_div:gen_100k|cnt[14] ; clkin        ; clkin       ; 1.000        ; -0.010     ; 3.663      ;
; -2.708 ; gen_div:gen_100k|cnt[14] ; gen_div:gen_100k|cnt[14] ; clkin        ; clkin       ; 1.000        ; 0.000      ; 3.671      ;
; -2.704 ; gen_div:gen_100k|cnt[2]  ; gen_div:gen_100k|cnt[13] ; clkin        ; clkin       ; 1.000        ; -0.010     ; 3.657      ;
; -2.698 ; gen_div:gen_100k|cnt[1]  ; gen_div:gen_100k|cnt[11] ; clkin        ; clkin       ; 1.000        ; -0.010     ; 3.651      ;
; -2.691 ; gen_div:gen_100k|cnt[12] ; gen_div:gen_100k|cnt[4]  ; clkin        ; clkin       ; 1.000        ; 0.010      ; 3.664      ;
; -2.686 ; gen_div:gen_100k|cnt[2]  ; gen_div:gen_100k|cnt[14] ; clkin        ; clkin       ; 1.000        ; -0.010     ; 3.639      ;
; -2.663 ; gen_div:gen_100k|cnt[6]  ; gen_div:gen_100k|cnt[10] ; clkin        ; clkin       ; 1.000        ; -0.010     ; 3.616      ;
; -2.661 ; gen_div:gen_100k|cnt[6]  ; gen_div:gen_100k|cnt[8]  ; clkin        ; clkin       ; 1.000        ; -0.010     ; 3.614      ;
; -2.661 ; gen_div:gen_100k|cnt[6]  ; gen_div:gen_100k|cnt[13] ; clkin        ; clkin       ; 1.000        ; -0.010     ; 3.614      ;
; -2.626 ; gen_div:gen_100k|cnt[2]  ; gen_div:gen_100k|cnt[10] ; clkin        ; clkin       ; 1.000        ; -0.010     ; 3.579      ;
; -2.618 ; gen_div:gen_100k|cnt[2]  ; gen_div:gen_100k|cnt[8]  ; clkin        ; clkin       ; 1.000        ; -0.010     ; 3.571      ;
; -2.612 ; gen_div:gen_100k|cnt[12] ; gen_div:gen_100k|tmp     ; clkin        ; clkin       ; 1.000        ; 0.010      ; 3.585      ;
; -2.612 ; gen_div:gen_100k|cnt[12] ; gen_div:gen_100k|cnt[5]  ; clkin        ; clkin       ; 1.000        ; 0.010      ; 3.585      ;
; -2.605 ; gen_div:gen_100k|cnt[4]  ; gen_div:gen_100k|cnt[11] ; clkin        ; clkin       ; 1.000        ; -0.010     ; 3.558      ;
; -2.603 ; gen_div:gen_100k|cnt[0]  ; gen_div:gen_100k|cnt[13] ; clkin        ; clkin       ; 1.000        ; -0.010     ; 3.556      ;
; -2.602 ; gen_div:gen_100k|cnt[6]  ; gen_div:gen_100k|cnt[11] ; clkin        ; clkin       ; 1.000        ; -0.010     ; 3.555      ;
; -2.593 ; gen_div:gen_100k|cnt[5]  ; gen_div:gen_100k|cnt[11] ; clkin        ; clkin       ; 1.000        ; -0.010     ; 3.546      ;
; -2.586 ; gen_div:gen_100k|cnt[4]  ; gen_div:gen_100k|cnt[10] ; clkin        ; clkin       ; 1.000        ; -0.010     ; 3.539      ;
; -2.585 ; gen_div:gen_100k|cnt[0]  ; gen_div:gen_100k|cnt[14] ; clkin        ; clkin       ; 1.000        ; -0.010     ; 3.538      ;
; -2.584 ; gen_div:gen_100k|cnt[4]  ; gen_div:gen_100k|cnt[8]  ; clkin        ; clkin       ; 1.000        ; -0.010     ; 3.537      ;
; -2.584 ; gen_div:gen_100k|cnt[4]  ; gen_div:gen_100k|cnt[13] ; clkin        ; clkin       ; 1.000        ; -0.010     ; 3.537      ;
; -2.550 ; gen_div:gen_100k|cnt[12] ; gen_div:gen_100k|cnt[12] ; clkin        ; clkin       ; 1.000        ; 0.000      ; 3.513      ;
; -2.547 ; gen_div:gen_100k|cnt[12] ; gen_div:gen_100k|cnt[14] ; clkin        ; clkin       ; 1.000        ; 0.000      ; 3.510      ;
; -2.525 ; gen_div:gen_100k|cnt[0]  ; gen_div:gen_100k|cnt[10] ; clkin        ; clkin       ; 1.000        ; -0.010     ; 3.478      ;
; -2.517 ; gen_div:gen_100k|cnt[0]  ; gen_div:gen_100k|cnt[8]  ; clkin        ; clkin       ; 1.000        ; -0.010     ; 3.470      ;
; -2.509 ; gen_div:gen_100k|cnt[6]  ; gen_div:gen_100k|cnt[12] ; clkin        ; clkin       ; 1.000        ; -0.010     ; 3.462      ;
; -2.500 ; gen_div:gen_100k|cnt[3]  ; gen_div:gen_100k|cnt[11] ; clkin        ; clkin       ; 1.000        ; -0.010     ; 3.453      ;
; -2.493 ; gen_div:gen_100k|cnt[6]  ; gen_div:gen_100k|cnt[14] ; clkin        ; clkin       ; 1.000        ; -0.010     ; 3.446      ;
; -2.479 ; gen_div:gen_100k|cnt[5]  ; gen_div:gen_100k|cnt[13] ; clkin        ; clkin       ; 1.000        ; -0.010     ; 3.432      ;
; -2.473 ; gen_div:gen_100k|cnt[4]  ; gen_div:gen_100k|cnt[14] ; clkin        ; clkin       ; 1.000        ; -0.010     ; 3.426      ;
; -2.469 ; gen_div:gen_100k|cnt[1]  ; gen_div:gen_100k|cnt[5]  ; clkin        ; clkin       ; 1.000        ; 0.000      ; 3.432      ;
; -2.461 ; gen_div:gen_100k|cnt[5]  ; gen_div:gen_100k|cnt[14] ; clkin        ; clkin       ; 1.000        ; -0.010     ; 3.414      ;
; -2.458 ; gen_div:gen_100k|cnt[2]  ; gen_div:gen_100k|cnt[9]  ; clkin        ; clkin       ; 1.000        ; -0.010     ; 3.411      ;
; -2.432 ; gen_div:gen_100k|cnt[4]  ; gen_div:gen_100k|cnt[12] ; clkin        ; clkin       ; 1.000        ; -0.010     ; 3.385      ;
; -2.427 ; gen_div:gen_100k|cnt[2]  ; gen_div:gen_100k|cnt[12] ; clkin        ; clkin       ; 1.000        ; -0.010     ; 3.380      ;
; -2.401 ; gen_div:gen_100k|cnt[5]  ; gen_div:gen_100k|cnt[10] ; clkin        ; clkin       ; 1.000        ; -0.010     ; 3.354      ;
; -2.396 ; gen_div:gen_100k|cnt[8]  ; gen_div:gen_100k|cnt[11] ; clkin        ; clkin       ; 1.000        ; 0.000      ; 3.359      ;
; -2.393 ; gen_div:gen_100k|cnt[5]  ; gen_div:gen_100k|cnt[8]  ; clkin        ; clkin       ; 1.000        ; -0.010     ; 3.346      ;
; -2.386 ; gen_div:gen_100k|cnt[3]  ; gen_div:gen_100k|cnt[13] ; clkin        ; clkin       ; 1.000        ; -0.010     ; 3.339      ;
; -2.382 ; gen_div:gen_100k|cnt[8]  ; gen_div:gen_100k|cnt[13] ; clkin        ; clkin       ; 1.000        ; 0.000      ; 3.345      ;
; -2.368 ; gen_div:gen_100k|cnt[3]  ; gen_div:gen_100k|cnt[14] ; clkin        ; clkin       ; 1.000        ; -0.010     ; 3.321      ;
; -2.364 ; gen_div:gen_100k|cnt[8]  ; gen_div:gen_100k|cnt[14] ; clkin        ; clkin       ; 1.000        ; 0.000      ; 3.327      ;
; -2.357 ; gen_div:gen_100k|cnt[0]  ; gen_div:gen_100k|cnt[9]  ; clkin        ; clkin       ; 1.000        ; -0.010     ; 3.310      ;
; -2.350 ; gen_div:gen_100k|cnt[2]  ; gen_div:gen_100k|cnt[7]  ; clkin        ; clkin       ; 1.000        ; -0.010     ; 3.303      ;
; -2.338 ; gen_div:gen_100k|cnt[1]  ; gen_div:gen_100k|cnt[9]  ; clkin        ; clkin       ; 1.000        ; -0.010     ; 3.291      ;
; -2.326 ; gen_div:gen_100k|cnt[0]  ; gen_div:gen_100k|cnt[12] ; clkin        ; clkin       ; 1.000        ; -0.010     ; 3.279      ;
; -2.322 ; gen_div:gen_100k|cnt[9]  ; gen_div:gen_100k|cnt[11] ; clkin        ; clkin       ; 1.000        ; 0.000      ; 3.285      ;
; -2.310 ; gen_div:gen_100k|cnt[9]  ; gen_div:gen_100k|cnt[13] ; clkin        ; clkin       ; 1.000        ; 0.000      ; 3.273      ;
; -2.308 ; gen_div:gen_100k|cnt[3]  ; gen_div:gen_100k|cnt[10] ; clkin        ; clkin       ; 1.000        ; -0.010     ; 3.261      ;
; -2.300 ; gen_div:gen_100k|cnt[3]  ; gen_div:gen_100k|cnt[8]  ; clkin        ; clkin       ; 1.000        ; -0.010     ; 3.253      ;
; -2.292 ; gen_div:gen_100k|cnt[9]  ; gen_div:gen_100k|cnt[14] ; clkin        ; clkin       ; 1.000        ; 0.000      ; 3.255      ;
; -2.267 ; gen_div:gen_100k|cnt[2]  ; gen_div:gen_100k|cnt[6]  ; clkin        ; clkin       ; 1.000        ; 0.000      ; 3.230      ;
; -2.260 ; gen_div:gen_100k|cnt[8]  ; gen_div:gen_100k|cnt[12] ; clkin        ; clkin       ; 1.000        ; 0.000      ; 3.223      ;
; -2.252 ; gen_div:gen_100k|cnt[6]  ; gen_div:gen_100k|cnt[5]  ; clkin        ; clkin       ; 1.000        ; 0.000      ; 3.215      ;
; -2.249 ; gen_div:gen_100k|cnt[0]  ; gen_div:gen_100k|cnt[7]  ; clkin        ; clkin       ; 1.000        ; -0.010     ; 3.202      ;
; -2.245 ; gen_div:gen_100k|cnt[4]  ; gen_div:gen_100k|cnt[9]  ; clkin        ; clkin       ; 1.000        ; -0.010     ; 3.198      ;
; -2.242 ; gen_div:gen_100k|cnt[6]  ; gen_div:gen_100k|cnt[9]  ; clkin        ; clkin       ; 1.000        ; -0.010     ; 3.195      ;
; -2.242 ; gen_div:gen_100k|cnt[7]  ; gen_div:gen_100k|cnt[11] ; clkin        ; clkin       ; 1.000        ; 0.000      ; 3.205      ;
; -2.238 ; gen_div:gen_100k|cnt[0]  ; gen_div:gen_100k|cnt[5]  ; clkin        ; clkin       ; 1.000        ; 0.000      ; 3.201      ;
; -2.233 ; gen_div:gen_100k|cnt[5]  ; gen_div:gen_100k|cnt[9]  ; clkin        ; clkin       ; 1.000        ; -0.010     ; 3.186      ;
; -2.230 ; gen_div:gen_100k|cnt[1]  ; gen_div:gen_100k|cnt[7]  ; clkin        ; clkin       ; 1.000        ; -0.010     ; 3.183      ;
; -2.229 ; gen_div:gen_100k|cnt[0]  ; gen_div:gen_100k|cnt[6]  ; clkin        ; clkin       ; 1.000        ; 0.000      ; 3.192      ;
; -2.226 ; gen_div:gen_100k|cnt[7]  ; gen_div:gen_100k|cnt[13] ; clkin        ; clkin       ; 1.000        ; 0.000      ; 3.189      ;
; -2.224 ; gen_div:gen_100k|cnt[10] ; gen_div:gen_100k|cnt[11] ; clkin        ; clkin       ; 1.000        ; 0.000      ; 3.187      ;
; -2.218 ; gen_div:gen_100k|cnt[8]  ; gen_div:gen_100k|tmp     ; clkin        ; clkin       ; 1.000        ; 0.010      ; 3.191      ;
; -2.218 ; gen_div:gen_100k|cnt[8]  ; gen_div:gen_100k|cnt[5]  ; clkin        ; clkin       ; 1.000        ; 0.010      ; 3.191      ;
; -2.214 ; gen_div:gen_100k|cnt[10] ; gen_div:gen_100k|cnt[13] ; clkin        ; clkin       ; 1.000        ; 0.000      ; 3.177      ;
; -2.212 ; gen_div:gen_100k|cnt[11] ; gen_div:gen_100k|cnt[13] ; clkin        ; clkin       ; 1.000        ; 0.000      ; 3.175      ;
; -2.210 ; gen_div:gen_100k|cnt[1]  ; gen_div:gen_100k|cnt[6]  ; clkin        ; clkin       ; 1.000        ; 0.000      ; 3.173      ;
; -2.208 ; gen_div:gen_100k|cnt[8]  ; gen_div:gen_100k|cnt[4]  ; clkin        ; clkin       ; 1.000        ; 0.010      ; 3.181      ;
; -2.208 ; gen_div:gen_100k|cnt[7]  ; gen_div:gen_100k|cnt[14] ; clkin        ; clkin       ; 1.000        ; 0.000      ; 3.171      ;
; -2.202 ; gen_div:gen_100k|cnt[5]  ; gen_div:gen_100k|cnt[12] ; clkin        ; clkin       ; 1.000        ; -0.010     ; 3.155      ;
; -2.196 ; gen_div:gen_100k|cnt[10] ; gen_div:gen_100k|cnt[14] ; clkin        ; clkin       ; 1.000        ; 0.000      ; 3.159      ;
; -2.196 ; gen_div:gen_100k|cnt[2]  ; gen_div:gen_100k|cnt[5]  ; clkin        ; clkin       ; 1.000        ; 0.000      ; 3.159      ;
; -2.194 ; gen_div:gen_100k|cnt[11] ; gen_div:gen_100k|cnt[14] ; clkin        ; clkin       ; 1.000        ; 0.000      ; 3.157      ;
; -2.192 ; gen_div:gen_100k|cnt[13] ; gen_div:gen_100k|cnt[14] ; clkin        ; clkin       ; 1.000        ; 0.000      ; 3.155      ;
; -2.175 ; gen_div:gen_100k|cnt[4]  ; gen_div:gen_100k|cnt[5]  ; clkin        ; clkin       ; 1.000        ; 0.000      ; 3.138      ;
; -2.170 ; gen_div:gen_100k|cnt[0]  ; gen_div:gen_100k|cnt[4]  ; clkin        ; clkin       ; 1.000        ; 0.000      ; 3.133      ;
; -2.151 ; gen_div:gen_100k|cnt[1]  ; gen_div:gen_100k|cnt[4]  ; clkin        ; clkin       ; 1.000        ; 0.000      ; 3.114      ;
; -2.140 ; gen_div:gen_100k|cnt[3]  ; gen_div:gen_100k|cnt[9]  ; clkin        ; clkin       ; 1.000        ; -0.010     ; 3.093      ;
; -2.137 ; gen_div:gen_100k|cnt[4]  ; gen_div:gen_100k|cnt[7]  ; clkin        ; clkin       ; 1.000        ; -0.010     ; 3.090      ;
; -2.134 ; gen_div:gen_100k|cnt[6]  ; gen_div:gen_100k|cnt[7]  ; clkin        ; clkin       ; 1.000        ; -0.010     ; 3.087      ;
; -2.125 ; gen_div:gen_100k|cnt[5]  ; gen_div:gen_100k|cnt[7]  ; clkin        ; clkin       ; 1.000        ; -0.010     ; 3.078      ;
; -2.124 ; gen_div:gen_100k|cnt[8]  ; gen_div:gen_100k|cnt[10] ; clkin        ; clkin       ; 1.000        ; 0.000      ; 3.087      ;
; -2.109 ; gen_div:gen_100k|cnt[3]  ; gen_div:gen_100k|cnt[12] ; clkin        ; clkin       ; 1.000        ; -0.010     ; 3.062      ;
; -2.091 ; gen_div:gen_100k|cnt[0]  ; gen_div:gen_100k|cnt[3]  ; clkin        ; clkin       ; 1.000        ; 0.000      ; 3.054      ;
; -2.089 ; gen_div:gen_100k|cnt[0]  ; gen_div:gen_100k|cnt[2]  ; clkin        ; clkin       ; 1.000        ; 0.000      ; 3.052      ;
; -2.076 ; gen_div:gen_100k|cnt[10] ; gen_div:gen_100k|cnt[12] ; clkin        ; clkin       ; 1.000        ; 0.000      ; 3.039      ;
; -2.072 ; gen_div:gen_100k|cnt[1]  ; gen_div:gen_100k|cnt[3]  ; clkin        ; clkin       ; 1.000        ; 0.000      ; 3.035      ;
; -2.070 ; gen_div:gen_100k|cnt[1]  ; gen_div:gen_100k|cnt[2]  ; clkin        ; clkin       ; 1.000        ; 0.000      ; 3.033      ;
+--------+--------------------------+--------------------------+--------------+-------------+--------------+------------+------------+


+---------------------------------------------------------------------------------------------------------------------+
; Setup: 'gen_div:gen_100k|tmp'                                                                                       ;
+--------+-----------+---------+----------------------+----------------------+--------------+------------+------------+
; Slack  ; From Node ; To Node ; Launch Clock         ; Latch Clock          ; Relationship ; Clock Skew ; Data Delay ;
+--------+-----------+---------+----------------------+----------------------+--------------+------------+------------+
; -0.364 ; cnt[2]    ; cnt[2]  ; gen_div:gen_100k|tmp ; gen_div:gen_100k|tmp ; 1.000        ; 0.000      ; 1.327      ;
; -0.301 ; cnt[0]    ; cnt[2]  ; gen_div:gen_100k|tmp ; gen_div:gen_100k|tmp ; 1.000        ; 0.000      ; 1.264      ;
; -0.300 ; cnt[0]    ; cnt[1]  ; gen_div:gen_100k|tmp ; gen_div:gen_100k|tmp ; 1.000        ; 0.000      ; 1.263      ;
; -0.300 ; cnt[0]    ; cnt[0]  ; gen_div:gen_100k|tmp ; gen_div:gen_100k|tmp ; 1.000        ; 0.000      ; 1.263      ;
; -0.100 ; cnt[1]    ; cnt[2]  ; gen_div:gen_100k|tmp ; gen_div:gen_100k|tmp ; 1.000        ; 0.000      ; 1.063      ;
; -0.099 ; cnt[1]    ; cnt[1]  ; gen_div:gen_100k|tmp ; gen_div:gen_100k|tmp ; 1.000        ; 0.000      ; 1.062      ;
+--------+-----------+---------+----------------------+----------------------+--------------+------------+------------+


+--------------------------------------------------------------------------------------------------------------------------------------------+
; Hold: 'clkin'                                                                                                                              ;
+--------+--------------------------+--------------------------+----------------------+-------------+--------------+------------+------------+
; Slack  ; From Node                ; To Node                  ; Launch Clock         ; Latch Clock ; Relationship ; Clock Skew ; Data Delay ;
+--------+--------------------------+--------------------------+----------------------+-------------+--------------+------------+------------+
; -0.895 ; gen_div:gen_100k|tmp     ; gen_div:gen_100k|tmp     ; gen_div:gen_100k|tmp ; clkin       ; 0.000        ; 2.740      ; 2.084      ;
; -0.395 ; gen_div:gen_100k|tmp     ; gen_div:gen_100k|tmp     ; gen_div:gen_100k|tmp ; clkin       ; -0.500       ; 2.740      ; 2.084      ;
; 1.527  ; gen_div:gen_100k|cnt[11] ; gen_div:gen_100k|cnt[13] ; clkin                ; clkin       ; 0.000        ; 0.000      ; 1.542      ;
; 1.528  ; gen_div:gen_100k|cnt[11] ; gen_div:gen_100k|cnt[8]  ; clkin                ; clkin       ; 0.000        ; 0.000      ; 1.543      ;
; 1.530  ; gen_div:gen_100k|cnt[11] ; gen_div:gen_100k|cnt[10] ; clkin                ; clkin       ; 0.000        ; 0.000      ; 1.545      ;
; 1.648  ; gen_div:gen_100k|cnt[2]  ; gen_div:gen_100k|tmp     ; clkin                ; clkin       ; 0.000        ; 0.000      ; 1.663      ;
; 1.749  ; gen_div:gen_100k|cnt[2]  ; gen_div:gen_100k|cnt[4]  ; clkin                ; clkin       ; 0.000        ; 0.000      ; 1.764      ;
; 1.778  ; gen_div:gen_100k|cnt[9]  ; gen_div:gen_100k|cnt[13] ; clkin                ; clkin       ; 0.000        ; 0.000      ; 1.793      ;
; 1.779  ; gen_div:gen_100k|cnt[9]  ; gen_div:gen_100k|cnt[8]  ; clkin                ; clkin       ; 0.000        ; 0.000      ; 1.794      ;
; 1.780  ; gen_div:gen_100k|cnt[9]  ; gen_div:gen_100k|cnt[10] ; clkin                ; clkin       ; 0.000        ; 0.000      ; 1.795      ;
; 1.786  ; gen_div:gen_100k|cnt[13] ; gen_div:gen_100k|cnt[13] ; clkin                ; clkin       ; 0.000        ; 0.000      ; 1.801      ;
; 1.787  ; gen_div:gen_100k|cnt[13] ; gen_div:gen_100k|cnt[8]  ; clkin                ; clkin       ; 0.000        ; 0.000      ; 1.802      ;
; 1.789  ; gen_div:gen_100k|cnt[13] ; gen_div:gen_100k|cnt[10] ; clkin                ; clkin       ; 0.000        ; 0.000      ; 1.804      ;
; 1.884  ; gen_div:gen_100k|cnt[7]  ; gen_div:gen_100k|cnt[7]  ; clkin                ; clkin       ; 0.000        ; 0.000      ; 1.899      ;
; 1.944  ; gen_div:gen_100k|cnt[3]  ; gen_div:gen_100k|tmp     ; clkin                ; clkin       ; 0.000        ; 0.000      ; 1.959      ;
; 2.001  ; gen_div:gen_100k|cnt[3]  ; gen_div:gen_100k|cnt[3]  ; clkin                ; clkin       ; 0.000        ; 0.000      ; 2.016      ;
; 2.045  ; gen_div:gen_100k|cnt[3]  ; gen_div:gen_100k|cnt[4]  ; clkin                ; clkin       ; 0.000        ; 0.000      ; 2.060      ;
; 2.054  ; gen_div:gen_100k|cnt[12] ; gen_div:gen_100k|cnt[12] ; clkin                ; clkin       ; 0.000        ; 0.000      ; 2.069      ;
; 2.076  ; gen_div:gen_100k|cnt[2]  ; gen_div:gen_100k|cnt[5]  ; clkin                ; clkin       ; 0.000        ; 0.000      ; 2.091      ;
; 2.232  ; gen_div:gen_100k|cnt[9]  ; gen_div:gen_100k|cnt[9]  ; clkin                ; clkin       ; 0.000        ; 0.000      ; 2.247      ;
; 2.237  ; gen_div:gen_100k|cnt[2]  ; gen_div:gen_100k|cnt[2]  ; clkin                ; clkin       ; 0.000        ; 0.000      ; 2.252      ;
; 2.251  ; gen_div:gen_100k|cnt[7]  ; gen_div:gen_100k|cnt[13] ; clkin                ; clkin       ; 0.000        ; 0.000      ; 2.266      ;
; 2.252  ; gen_div:gen_100k|cnt[7]  ; gen_div:gen_100k|cnt[8]  ; clkin                ; clkin       ; 0.000        ; 0.000      ; 2.267      ;
; 2.253  ; gen_div:gen_100k|cnt[7]  ; gen_div:gen_100k|cnt[10] ; clkin                ; clkin       ; 0.000        ; 0.000      ; 2.268      ;
; 2.270  ; gen_div:gen_100k|cnt[4]  ; gen_div:gen_100k|cnt[4]  ; clkin                ; clkin       ; 0.000        ; 0.000      ; 2.285      ;
; 2.289  ; gen_div:gen_100k|cnt[11] ; gen_div:gen_100k|cnt[14] ; clkin                ; clkin       ; 0.000        ; 0.000      ; 2.304      ;
; 2.292  ; gen_div:gen_100k|cnt[11] ; gen_div:gen_100k|cnt[12] ; clkin                ; clkin       ; 0.000        ; 0.000      ; 2.307      ;
; 2.317  ; gen_div:gen_100k|cnt[2]  ; gen_div:gen_100k|cnt[14] ; clkin                ; clkin       ; 0.000        ; -0.010     ; 2.322      ;
; 2.333  ; gen_div:gen_100k|cnt[2]  ; gen_div:gen_100k|cnt[12] ; clkin                ; clkin       ; 0.000        ; -0.010     ; 2.338      ;
; 2.347  ; gen_div:gen_100k|cnt[10] ; gen_div:gen_100k|cnt[13] ; clkin                ; clkin       ; 0.000        ; 0.000      ; 2.362      ;
; 2.348  ; gen_div:gen_100k|cnt[10] ; gen_div:gen_100k|cnt[8]  ; clkin                ; clkin       ; 0.000        ; 0.000      ; 2.363      ;
; 2.349  ; gen_div:gen_100k|cnt[10] ; gen_div:gen_100k|cnt[10] ; clkin                ; clkin       ; 0.000        ; 0.000      ; 2.364      ;
; 2.354  ; gen_div:gen_100k|cnt[11] ; gen_div:gen_100k|tmp     ; clkin                ; clkin       ; 0.000        ; 0.010      ; 2.379      ;
; 2.354  ; gen_div:gen_100k|cnt[11] ; gen_div:gen_100k|cnt[5]  ; clkin                ; clkin       ; 0.000        ; 0.010      ; 2.379      ;
; 2.372  ; gen_div:gen_100k|cnt[3]  ; gen_div:gen_100k|cnt[5]  ; clkin                ; clkin       ; 0.000        ; 0.000      ; 2.387      ;
; 2.386  ; gen_div:gen_100k|cnt[8]  ; gen_div:gen_100k|cnt[8]  ; clkin                ; clkin       ; 0.000        ; 0.000      ; 2.401      ;
; 2.397  ; gen_div:gen_100k|cnt[5]  ; gen_div:gen_100k|cnt[5]  ; clkin                ; clkin       ; 0.000        ; 0.000      ; 2.412      ;
; 2.398  ; gen_div:gen_100k|cnt[1]  ; gen_div:gen_100k|cnt[1]  ; clkin                ; clkin       ; 0.000        ; 0.000      ; 2.413      ;
; 2.399  ; gen_div:gen_100k|cnt[6]  ; gen_div:gen_100k|cnt[6]  ; clkin                ; clkin       ; 0.000        ; 0.000      ; 2.414      ;
; 2.403  ; gen_div:gen_100k|cnt[9]  ; gen_div:gen_100k|cnt[4]  ; clkin                ; clkin       ; 0.000        ; 0.010      ; 2.428      ;
; 2.407  ; gen_div:gen_100k|cnt[0]  ; gen_div:gen_100k|cnt[0]  ; clkin                ; clkin       ; 0.000        ; 0.000      ; 2.422      ;
; 2.413  ; gen_div:gen_100k|cnt[9]  ; gen_div:gen_100k|tmp     ; clkin                ; clkin       ; 0.000        ; 0.010      ; 2.438      ;
; 2.413  ; gen_div:gen_100k|cnt[9]  ; gen_div:gen_100k|cnt[5]  ; clkin                ; clkin       ; 0.000        ; 0.010      ; 2.438      ;
; 2.433  ; gen_div:gen_100k|cnt[11] ; gen_div:gen_100k|cnt[4]  ; clkin                ; clkin       ; 0.000        ; 0.010      ; 2.458      ;
; 2.440  ; gen_div:gen_100k|cnt[5]  ; gen_div:gen_100k|tmp     ; clkin                ; clkin       ; 0.000        ; 0.000      ; 2.455      ;
; 2.455  ; gen_div:gen_100k|cnt[9]  ; gen_div:gen_100k|cnt[12] ; clkin                ; clkin       ; 0.000        ; 0.000      ; 2.470      ;
; 2.463  ; gen_div:gen_100k|cnt[9]  ; gen_div:gen_100k|cnt[14] ; clkin                ; clkin       ; 0.000        ; 0.000      ; 2.478      ;
; 2.470  ; gen_div:gen_100k|cnt[0]  ; gen_div:gen_100k|tmp     ; clkin                ; clkin       ; 0.000        ; 0.000      ; 2.485      ;
; 2.485  ; gen_div:gen_100k|cnt[2]  ; gen_div:gen_100k|cnt[8]  ; clkin                ; clkin       ; 0.000        ; -0.010     ; 2.490      ;
; 2.485  ; gen_div:gen_100k|cnt[2]  ; gen_div:gen_100k|cnt[13] ; clkin                ; clkin       ; 0.000        ; -0.010     ; 2.490      ;
; 2.487  ; gen_div:gen_100k|cnt[2]  ; gen_div:gen_100k|cnt[10] ; clkin                ; clkin       ; 0.000        ; -0.010     ; 2.492      ;
; 2.531  ; gen_div:gen_100k|cnt[8]  ; gen_div:gen_100k|cnt[13] ; clkin                ; clkin       ; 0.000        ; 0.000      ; 2.546      ;
; 2.533  ; gen_div:gen_100k|cnt[8]  ; gen_div:gen_100k|cnt[10] ; clkin                ; clkin       ; 0.000        ; 0.000      ; 2.548      ;
; 2.541  ; gen_div:gen_100k|cnt[5]  ; gen_div:gen_100k|cnt[4]  ; clkin                ; clkin       ; 0.000        ; 0.000      ; 2.556      ;
; 2.548  ; gen_div:gen_100k|cnt[13] ; gen_div:gen_100k|cnt[14] ; clkin                ; clkin       ; 0.000        ; 0.000      ; 2.563      ;
; 2.551  ; gen_div:gen_100k|cnt[13] ; gen_div:gen_100k|cnt[12] ; clkin                ; clkin       ; 0.000        ; 0.000      ; 2.566      ;
; 2.559  ; gen_div:gen_100k|cnt[14] ; gen_div:gen_100k|cnt[14] ; clkin                ; clkin       ; 0.000        ; 0.000      ; 2.574      ;
; 2.571  ; gen_div:gen_100k|cnt[0]  ; gen_div:gen_100k|cnt[4]  ; clkin                ; clkin       ; 0.000        ; 0.000      ; 2.586      ;
; 2.590  ; gen_div:gen_100k|cnt[11] ; gen_div:gen_100k|cnt[11] ; clkin                ; clkin       ; 0.000        ; 0.000      ; 2.605      ;
; 2.613  ; gen_div:gen_100k|cnt[3]  ; gen_div:gen_100k|cnt[14] ; clkin                ; clkin       ; 0.000        ; -0.010     ; 2.618      ;
; 2.613  ; gen_div:gen_100k|cnt[13] ; gen_div:gen_100k|tmp     ; clkin                ; clkin       ; 0.000        ; 0.010      ; 2.638      ;
; 2.613  ; gen_div:gen_100k|cnt[13] ; gen_div:gen_100k|cnt[5]  ; clkin                ; clkin       ; 0.000        ; 0.010      ; 2.638      ;
; 2.629  ; gen_div:gen_100k|cnt[3]  ; gen_div:gen_100k|cnt[12] ; clkin                ; clkin       ; 0.000        ; -0.010     ; 2.634      ;
; 2.655  ; gen_div:gen_100k|cnt[7]  ; gen_div:gen_100k|cnt[9]  ; clkin                ; clkin       ; 0.000        ; 0.000      ; 2.670      ;
; 2.692  ; gen_div:gen_100k|cnt[13] ; gen_div:gen_100k|cnt[4]  ; clkin                ; clkin       ; 0.000        ; 0.010      ; 2.717      ;
; 2.695  ; gen_div:gen_100k|cnt[4]  ; gen_div:gen_100k|tmp     ; clkin                ; clkin       ; 0.000        ; 0.000      ; 2.710      ;
; 2.733  ; gen_div:gen_100k|cnt[12] ; gen_div:gen_100k|cnt[13] ; clkin                ; clkin       ; 0.000        ; 0.000      ; 2.748      ;
; 2.734  ; gen_div:gen_100k|cnt[12] ; gen_div:gen_100k|cnt[8]  ; clkin                ; clkin       ; 0.000        ; 0.000      ; 2.749      ;
; 2.736  ; gen_div:gen_100k|cnt[12] ; gen_div:gen_100k|cnt[10] ; clkin                ; clkin       ; 0.000        ; 0.000      ; 2.751      ;
; 2.772  ; gen_div:gen_100k|cnt[6]  ; gen_div:gen_100k|tmp     ; clkin                ; clkin       ; 0.000        ; 0.000      ; 2.787      ;
; 2.781  ; gen_div:gen_100k|cnt[3]  ; gen_div:gen_100k|cnt[8]  ; clkin                ; clkin       ; 0.000        ; -0.010     ; 2.786      ;
; 2.781  ; gen_div:gen_100k|cnt[3]  ; gen_div:gen_100k|cnt[13] ; clkin                ; clkin       ; 0.000        ; -0.010     ; 2.786      ;
; 2.783  ; gen_div:gen_100k|cnt[3]  ; gen_div:gen_100k|cnt[10] ; clkin                ; clkin       ; 0.000        ; -0.010     ; 2.788      ;
; 2.811  ; gen_div:gen_100k|cnt[8]  ; gen_div:gen_100k|cnt[9]  ; clkin                ; clkin       ; 0.000        ; 0.000      ; 2.826      ;
; 2.824  ; gen_div:gen_100k|cnt[2]  ; gen_div:gen_100k|cnt[3]  ; clkin                ; clkin       ; 0.000        ; 0.000      ; 2.839      ;
; 2.873  ; gen_div:gen_100k|cnt[6]  ; gen_div:gen_100k|cnt[4]  ; clkin                ; clkin       ; 0.000        ; 0.000      ; 2.888      ;
; 2.873  ; gen_div:gen_100k|cnt[10] ; gen_div:gen_100k|cnt[12] ; clkin                ; clkin       ; 0.000        ; 0.000      ; 2.888      ;
; 2.876  ; gen_div:gen_100k|cnt[7]  ; gen_div:gen_100k|cnt[4]  ; clkin                ; clkin       ; 0.000        ; 0.010      ; 2.901      ;
; 2.880  ; gen_div:gen_100k|cnt[3]  ; gen_div:gen_100k|cnt[6]  ; clkin                ; clkin       ; 0.000        ; 0.000      ; 2.895      ;
; 2.886  ; gen_div:gen_100k|cnt[7]  ; gen_div:gen_100k|tmp     ; clkin                ; clkin       ; 0.000        ; 0.010      ; 2.911      ;
; 2.886  ; gen_div:gen_100k|cnt[7]  ; gen_div:gen_100k|cnt[5]  ; clkin                ; clkin       ; 0.000        ; 0.010      ; 2.911      ;
; 2.891  ; gen_div:gen_100k|cnt[7]  ; gen_div:gen_100k|cnt[12] ; clkin                ; clkin       ; 0.000        ; 0.000      ; 2.906      ;
; 2.894  ; gen_div:gen_100k|cnt[14] ; gen_div:gen_100k|cnt[13] ; clkin                ; clkin       ; 0.000        ; 0.000      ; 2.909      ;
; 2.895  ; gen_div:gen_100k|cnt[14] ; gen_div:gen_100k|cnt[8]  ; clkin                ; clkin       ; 0.000        ; 0.000      ; 2.910      ;
; 2.897  ; gen_div:gen_100k|cnt[14] ; gen_div:gen_100k|cnt[10] ; clkin                ; clkin       ; 0.000        ; 0.000      ; 2.912      ;
; 2.898  ; gen_div:gen_100k|cnt[0]  ; gen_div:gen_100k|cnt[5]  ; clkin                ; clkin       ; 0.000        ; 0.000      ; 2.913      ;
; 2.916  ; gen_div:gen_100k|cnt[4]  ; gen_div:gen_100k|cnt[5]  ; clkin                ; clkin       ; 0.000        ; 0.000      ; 2.931      ;
; 2.936  ; gen_div:gen_100k|cnt[7]  ; gen_div:gen_100k|cnt[14] ; clkin                ; clkin       ; 0.000        ; 0.000      ; 2.951      ;
; 2.969  ; gen_div:gen_100k|cnt[12] ; gen_div:gen_100k|cnt[14] ; clkin                ; clkin       ; 0.000        ; 0.000      ; 2.984      ;
; 2.972  ; gen_div:gen_100k|cnt[10] ; gen_div:gen_100k|cnt[4]  ; clkin                ; clkin       ; 0.000        ; 0.010      ; 2.997      ;
; 2.973  ; gen_div:gen_100k|cnt[5]  ; gen_div:gen_100k|cnt[6]  ; clkin                ; clkin       ; 0.000        ; 0.000      ; 2.988      ;
; 2.980  ; gen_div:gen_100k|cnt[3]  ; gen_div:gen_100k|cnt[7]  ; clkin                ; clkin       ; 0.000        ; -0.010     ; 2.985      ;
; 2.982  ; gen_div:gen_100k|cnt[10] ; gen_div:gen_100k|tmp     ; clkin                ; clkin       ; 0.000        ; 0.010      ; 3.007      ;
; 2.982  ; gen_div:gen_100k|cnt[10] ; gen_div:gen_100k|cnt[5]  ; clkin                ; clkin       ; 0.000        ; 0.010      ; 3.007      ;
; 2.984  ; gen_div:gen_100k|cnt[0]  ; gen_div:gen_100k|cnt[1]  ; clkin                ; clkin       ; 0.000        ; 0.000      ; 2.999      ;
; 2.985  ; gen_div:gen_100k|cnt[4]  ; gen_div:gen_100k|cnt[6]  ; clkin                ; clkin       ; 0.000        ; 0.000      ; 3.000      ;
; 2.989  ; gen_div:gen_100k|cnt[1]  ; gen_div:gen_100k|tmp     ; clkin                ; clkin       ; 0.000        ; 0.000      ; 3.004      ;
; 3.018  ; gen_div:gen_100k|cnt[1]  ; gen_div:gen_100k|cnt[2]  ; clkin                ; clkin       ; 0.000        ; 0.000      ; 3.033      ;
; 3.020  ; gen_div:gen_100k|cnt[1]  ; gen_div:gen_100k|cnt[3]  ; clkin                ; clkin       ; 0.000        ; 0.000      ; 3.035      ;
; 3.025  ; gen_div:gen_100k|cnt[0]  ; gen_div:gen_100k|cnt[2]  ; clkin                ; clkin       ; 0.000        ; 0.000      ; 3.040      ;
+--------+--------------------------+--------------------------+----------------------+-------------+--------------+------------+------------+


+--------------------------------------------------------------------------------------------------------------------+
; Hold: 'gen_div:gen_100k|tmp'                                                                                       ;
+-------+-----------+---------+----------------------+----------------------+--------------+------------+------------+
; Slack ; From Node ; To Node ; Launch Clock         ; Latch Clock          ; Relationship ; Clock Skew ; Data Delay ;
+-------+-----------+---------+----------------------+----------------------+--------------+------------+------------+
; 1.047 ; cnt[1]    ; cnt[1]  ; gen_div:gen_100k|tmp ; gen_div:gen_100k|tmp ; 0.000        ; 0.000      ; 1.062      ;
; 1.048 ; cnt[1]    ; cnt[2]  ; gen_div:gen_100k|tmp ; gen_div:gen_100k|tmp ; 0.000        ; 0.000      ; 1.063      ;
; 1.248 ; cnt[0]    ; cnt[1]  ; gen_div:gen_100k|tmp ; gen_div:gen_100k|tmp ; 0.000        ; 0.000      ; 1.263      ;
; 1.248 ; cnt[0]    ; cnt[0]  ; gen_div:gen_100k|tmp ; gen_div:gen_100k|tmp ; 0.000        ; 0.000      ; 1.263      ;
; 1.249 ; cnt[0]    ; cnt[2]  ; gen_div:gen_100k|tmp ; gen_div:gen_100k|tmp ; 0.000        ; 0.000      ; 1.264      ;
; 1.312 ; cnt[2]    ; cnt[2]  ; gen_div:gen_100k|tmp ; gen_div:gen_100k|tmp ; 0.000        ; 0.000      ; 1.327      ;
+-------+-----------+---------+----------------------+----------------------+--------------+------------+------------+


+-----------------------------------------------------------------------------------------------------------+
; Minimum Pulse Width: 'clkin'                                                                              ;
+--------+--------------+----------------+------------------+-------+------------+--------------------------+
; Slack  ; Actual Width ; Required Width ; Type             ; Clock ; Clock Edge ; Target                   ;
+--------+--------------+----------------+------------------+-------+------------+--------------------------+
; -1.583 ; 1.000        ; 2.583          ; Port Rate        ; clkin ; Rise       ; clkin                    ;
; -1.318 ; 0.500        ; 1.818          ; High Pulse Width ; clkin ; Rise       ; gen_div:gen_100k|cnt[0]  ;
; -1.318 ; 0.500        ; 1.818          ; Low Pulse Width  ; clkin ; Rise       ; gen_div:gen_100k|cnt[0]  ;
; -1.318 ; 0.500        ; 1.818          ; High Pulse Width ; clkin ; Rise       ; gen_div:gen_100k|cnt[10] ;
; -1.318 ; 0.500        ; 1.818          ; Low Pulse Width  ; clkin ; Rise       ; gen_div:gen_100k|cnt[10] ;
; -1.318 ; 0.500        ; 1.818          ; High Pulse Width ; clkin ; Rise       ; gen_div:gen_100k|cnt[11] ;
; -1.318 ; 0.500        ; 1.818          ; Low Pulse Width  ; clkin ; Rise       ; gen_div:gen_100k|cnt[11] ;
; -1.318 ; 0.500        ; 1.818          ; High Pulse Width ; clkin ; Rise       ; gen_div:gen_100k|cnt[12] ;
; -1.318 ; 0.500        ; 1.818          ; Low Pulse Width  ; clkin ; Rise       ; gen_div:gen_100k|cnt[12] ;
; -1.318 ; 0.500        ; 1.818          ; High Pulse Width ; clkin ; Rise       ; gen_div:gen_100k|cnt[13] ;
; -1.318 ; 0.500        ; 1.818          ; Low Pulse Width  ; clkin ; Rise       ; gen_div:gen_100k|cnt[13] ;
; -1.318 ; 0.500        ; 1.818          ; High Pulse Width ; clkin ; Rise       ; gen_div:gen_100k|cnt[14] ;
; -1.318 ; 0.500        ; 1.818          ; Low Pulse Width  ; clkin ; Rise       ; gen_div:gen_100k|cnt[14] ;
; -1.318 ; 0.500        ; 1.818          ; High Pulse Width ; clkin ; Rise       ; gen_div:gen_100k|cnt[1]  ;
; -1.318 ; 0.500        ; 1.818          ; Low Pulse Width  ; clkin ; Rise       ; gen_div:gen_100k|cnt[1]  ;
; -1.318 ; 0.500        ; 1.818          ; High Pulse Width ; clkin ; Rise       ; gen_div:gen_100k|cnt[2]  ;
; -1.318 ; 0.500        ; 1.818          ; Low Pulse Width  ; clkin ; Rise       ; gen_div:gen_100k|cnt[2]  ;
; -1.318 ; 0.500        ; 1.818          ; High Pulse Width ; clkin ; Rise       ; gen_div:gen_100k|cnt[3]  ;
; -1.318 ; 0.500        ; 1.818          ; Low Pulse Width  ; clkin ; Rise       ; gen_div:gen_100k|cnt[3]  ;
; -1.318 ; 0.500        ; 1.818          ; High Pulse Width ; clkin ; Rise       ; gen_div:gen_100k|cnt[4]  ;
; -1.318 ; 0.500        ; 1.818          ; Low Pulse Width  ; clkin ; Rise       ; gen_div:gen_100k|cnt[4]  ;
; -1.318 ; 0.500        ; 1.818          ; High Pulse Width ; clkin ; Rise       ; gen_div:gen_100k|cnt[5]  ;
; -1.318 ; 0.500        ; 1.818          ; Low Pulse Width  ; clkin ; Rise       ; gen_div:gen_100k|cnt[5]  ;
; -1.318 ; 0.500        ; 1.818          ; High Pulse Width ; clkin ; Rise       ; gen_div:gen_100k|cnt[6]  ;
; -1.318 ; 0.500        ; 1.818          ; Low Pulse Width  ; clkin ; Rise       ; gen_div:gen_100k|cnt[6]  ;
; -1.318 ; 0.500        ; 1.818          ; High Pulse Width ; clkin ; Rise       ; gen_div:gen_100k|cnt[7]  ;
; -1.318 ; 0.500        ; 1.818          ; Low Pulse Width  ; clkin ; Rise       ; gen_div:gen_100k|cnt[7]  ;
; -1.318 ; 0.500        ; 1.818          ; High Pulse Width ; clkin ; Rise       ; gen_div:gen_100k|cnt[8]  ;
; -1.318 ; 0.500        ; 1.818          ; Low Pulse Width  ; clkin ; Rise       ; gen_div:gen_100k|cnt[8]  ;
; -1.318 ; 0.500        ; 1.818          ; High Pulse Width ; clkin ; Rise       ; gen_div:gen_100k|cnt[9]  ;
; -1.318 ; 0.500        ; 1.818          ; Low Pulse Width  ; clkin ; Rise       ; gen_div:gen_100k|cnt[9]  ;
; -1.318 ; 0.500        ; 1.818          ; High Pulse Width ; clkin ; Rise       ; gen_div:gen_100k|tmp     ;
; -1.318 ; 0.500        ; 1.818          ; Low Pulse Width  ; clkin ; Rise       ; gen_div:gen_100k|tmp     ;
; 0.500  ; 0.500        ; 0.000          ; High Pulse Width ; clkin ; Rise       ; clkin|combout            ;
; 0.500  ; 0.500        ; 0.000          ; Low Pulse Width  ; clkin ; Rise       ; clkin|combout            ;
; 0.500  ; 0.500        ; 0.000          ; High Pulse Width ; clkin ; Rise       ; gen_100k|cnt[0]|clk      ;
; 0.500  ; 0.500        ; 0.000          ; Low Pulse Width  ; clkin ; Rise       ; gen_100k|cnt[0]|clk      ;
; 0.500  ; 0.500        ; 0.000          ; High Pulse Width ; clkin ; Rise       ; gen_100k|cnt[10]|clk     ;
; 0.500  ; 0.500        ; 0.000          ; Low Pulse Width  ; clkin ; Rise       ; gen_100k|cnt[10]|clk     ;
; 0.500  ; 0.500        ; 0.000          ; High Pulse Width ; clkin ; Rise       ; gen_100k|cnt[11]|clk     ;
; 0.500  ; 0.500        ; 0.000          ; Low Pulse Width  ; clkin ; Rise       ; gen_100k|cnt[11]|clk     ;
; 0.500  ; 0.500        ; 0.000          ; High Pulse Width ; clkin ; Rise       ; gen_100k|cnt[12]|clk     ;
; 0.500  ; 0.500        ; 0.000          ; Low Pulse Width  ; clkin ; Rise       ; gen_100k|cnt[12]|clk     ;
; 0.500  ; 0.500        ; 0.000          ; High Pulse Width ; clkin ; Rise       ; gen_100k|cnt[13]|clk     ;
; 0.500  ; 0.500        ; 0.000          ; Low Pulse Width  ; clkin ; Rise       ; gen_100k|cnt[13]|clk     ;
; 0.500  ; 0.500        ; 0.000          ; High Pulse Width ; clkin ; Rise       ; gen_100k|cnt[14]|clk     ;
; 0.500  ; 0.500        ; 0.000          ; Low Pulse Width  ; clkin ; Rise       ; gen_100k|cnt[14]|clk     ;
; 0.500  ; 0.500        ; 0.000          ; High Pulse Width ; clkin ; Rise       ; gen_100k|cnt[1]|clk      ;
; 0.500  ; 0.500        ; 0.000          ; Low Pulse Width  ; clkin ; Rise       ; gen_100k|cnt[1]|clk      ;
; 0.500  ; 0.500        ; 0.000          ; High Pulse Width ; clkin ; Rise       ; gen_100k|cnt[2]|clk      ;
; 0.500  ; 0.500        ; 0.000          ; Low Pulse Width  ; clkin ; Rise       ; gen_100k|cnt[2]|clk      ;
; 0.500  ; 0.500        ; 0.000          ; High Pulse Width ; clkin ; Rise       ; gen_100k|cnt[3]|clk      ;
; 0.500  ; 0.500        ; 0.000          ; Low Pulse Width  ; clkin ; Rise       ; gen_100k|cnt[3]|clk      ;
; 0.500  ; 0.500        ; 0.000          ; High Pulse Width ; clkin ; Rise       ; gen_100k|cnt[4]|clk      ;
; 0.500  ; 0.500        ; 0.000          ; Low Pulse Width  ; clkin ; Rise       ; gen_100k|cnt[4]|clk      ;
; 0.500  ; 0.500        ; 0.000          ; High Pulse Width ; clkin ; Rise       ; gen_100k|cnt[5]|clk      ;
; 0.500  ; 0.500        ; 0.000          ; Low Pulse Width  ; clkin ; Rise       ; gen_100k|cnt[5]|clk      ;
; 0.500  ; 0.500        ; 0.000          ; High Pulse Width ; clkin ; Rise       ; gen_100k|cnt[6]|clk      ;
; 0.500  ; 0.500        ; 0.000          ; Low Pulse Width  ; clkin ; Rise       ; gen_100k|cnt[6]|clk      ;
; 0.500  ; 0.500        ; 0.000          ; High Pulse Width ; clkin ; Rise       ; gen_100k|cnt[7]|clk      ;
; 0.500  ; 0.500        ; 0.000          ; Low Pulse Width  ; clkin ; Rise       ; gen_100k|cnt[7]|clk      ;
; 0.500  ; 0.500        ; 0.000          ; High Pulse Width ; clkin ; Rise       ; gen_100k|cnt[8]|clk      ;
; 0.500  ; 0.500        ; 0.000          ; Low Pulse Width  ; clkin ; Rise       ; gen_100k|cnt[8]|clk      ;
; 0.500  ; 0.500        ; 0.000          ; High Pulse Width ; clkin ; Rise       ; gen_100k|cnt[9]|clk      ;
; 0.500  ; 0.500        ; 0.000          ; Low Pulse Width  ; clkin ; Rise       ; gen_100k|cnt[9]|clk      ;
; 0.500  ; 0.500        ; 0.000          ; High Pulse Width ; clkin ; Rise       ; gen_100k|tmp|clk         ;
; 0.500  ; 0.500        ; 0.000          ; Low Pulse Width  ; clkin ; Rise       ; gen_100k|tmp|clk         ;
+--------+--------------+----------------+------------------+-------+------------+--------------------------+


+---------------------------------------------------------------------------------------------------------------------+
; Minimum Pulse Width: 'gen_div:gen_100k|tmp'                                                                         ;
+--------+--------------+----------------+------------------+----------------------+------------+---------------------+
; Slack  ; Actual Width ; Required Width ; Type             ; Clock                ; Clock Edge ; Target              ;
+--------+--------------+----------------+------------------+----------------------+------------+---------------------+
; -1.318 ; 0.500        ; 1.818          ; High Pulse Width ; gen_div:gen_100k|tmp ; Rise       ; cnt[0]              ;
; -1.318 ; 0.500        ; 1.818          ; Low Pulse Width  ; gen_div:gen_100k|tmp ; Rise       ; cnt[0]              ;
; -1.318 ; 0.500        ; 1.818          ; High Pulse Width ; gen_div:gen_100k|tmp ; Rise       ; cnt[1]              ;
; -1.318 ; 0.500        ; 1.818          ; Low Pulse Width  ; gen_div:gen_100k|tmp ; Rise       ; cnt[1]              ;
; -1.318 ; 0.500        ; 1.818          ; High Pulse Width ; gen_div:gen_100k|tmp ; Rise       ; cnt[2]              ;
; -1.318 ; 0.500        ; 1.818          ; Low Pulse Width  ; gen_div:gen_100k|tmp ; Rise       ; cnt[2]              ;
; 0.500  ; 0.500        ; 0.000          ; High Pulse Width ; gen_div:gen_100k|tmp ; Rise       ; cnt[0]|clk          ;
; 0.500  ; 0.500        ; 0.000          ; Low Pulse Width  ; gen_div:gen_100k|tmp ; Rise       ; cnt[0]|clk          ;
; 0.500  ; 0.500        ; 0.000          ; High Pulse Width ; gen_div:gen_100k|tmp ; Rise       ; cnt[1]|clk          ;
; 0.500  ; 0.500        ; 0.000          ; Low Pulse Width  ; gen_div:gen_100k|tmp ; Rise       ; cnt[1]|clk          ;
; 0.500  ; 0.500        ; 0.000          ; High Pulse Width ; gen_div:gen_100k|tmp ; Rise       ; cnt[2]|clk          ;
; 0.500  ; 0.500        ; 0.000          ; Low Pulse Width  ; gen_div:gen_100k|tmp ; Rise       ; cnt[2]|clk          ;
; 0.500  ; 0.500        ; 0.000          ; High Pulse Width ; gen_div:gen_100k|tmp ; Rise       ; gen_100k|tmp|regout ;
; 0.500  ; 0.500        ; 0.000          ; Low Pulse Width  ; gen_div:gen_100k|tmp ; Rise       ; gen_100k|tmp|regout ;
+--------+--------------+----------------+------------------+----------------------+------------+---------------------+


+---------------------------------------------------------------------------------------+
; Clock to Output Times                                                                 ;
+------------+----------------------+-------+-------+------------+----------------------+
; Data Port  ; Clock Port           ; Rise  ; Fall  ; Clock Edge ; Clock Reference      ;
+------------+----------------------+-------+-------+------------+----------------------+
; cloumn[*]  ; gen_div:gen_100k|tmp ; 8.977 ; 8.977 ; Rise       ; gen_div:gen_100k|tmp ;
;  cloumn[0] ; gen_div:gen_100k|tmp ; 8.660 ; 8.660 ; Rise       ; gen_div:gen_100k|tmp ;
;  cloumn[1] ; gen_div:gen_100k|tmp ; 8.681 ; 8.681 ; Rise       ; gen_div:gen_100k|tmp ;
;  cloumn[2] ; gen_div:gen_100k|tmp ; 8.660 ; 8.660 ; Rise       ; gen_div:gen_100k|tmp ;
;  cloumn[3] ; gen_div:gen_100k|tmp ; 8.232 ; 8.232 ; Rise       ; gen_div:gen_100k|tmp ;
;  cloumn[4] ; gen_div:gen_100k|tmp ; 8.209 ; 8.209 ; Rise       ; gen_div:gen_100k|tmp ;
;  cloumn[5] ; gen_div:gen_100k|tmp ; 8.232 ; 8.232 ; Rise       ; gen_div:gen_100k|tmp ;
;  cloumn[6] ; gen_div:gen_100k|tmp ; 8.681 ; 8.681 ; Rise       ; gen_div:gen_100k|tmp ;
;  cloumn[7] ; gen_div:gen_100k|tmp ; 8.977 ; 8.977 ; Rise       ; gen_div:gen_100k|tmp ;
; row[*]     ; gen_div:gen_100k|tmp ; 9.973 ; 9.973 ; Rise       ; gen_div:gen_100k|tmp ;
;  row[1]    ; gen_div:gen_100k|tmp ; 9.973 ; 9.973 ; Rise       ; gen_div:gen_100k|tmp ;
;  row[3]    ; gen_div:gen_100k|tmp ; 9.209 ; 9.209 ; Rise       ; gen_div:gen_100k|tmp ;
;  row[5]    ; gen_div:gen_100k|tmp ; 9.533 ; 9.533 ; Rise       ; gen_div:gen_100k|tmp ;
;  row[7]    ; gen_div:gen_100k|tmp ; 9.217 ; 9.217 ; Rise       ; gen_div:gen_100k|tmp ;
+------------+----------------------+-------+-------+------------+----------------------+


+---------------------------------------------------------------------------------------+
; Minimum Clock to Output Times                                                         ;
+------------+----------------------+-------+-------+------------+----------------------+
; Data Port  ; Clock Port           ; Rise  ; Fall  ; Clock Edge ; Clock Reference      ;
+------------+----------------------+-------+-------+------------+----------------------+
; cloumn[*]  ; gen_div:gen_100k|tmp ; 8.209 ; 8.209 ; Rise       ; gen_div:gen_100k|tmp ;
;  cloumn[0] ; gen_div:gen_100k|tmp ; 8.660 ; 8.660 ; Rise       ; gen_div:gen_100k|tmp ;
;  cloumn[1] ; gen_div:gen_100k|tmp ; 8.681 ; 8.681 ; Rise       ; gen_div:gen_100k|tmp ;
;  cloumn[2] ; gen_div:gen_100k|tmp ; 8.660 ; 8.660 ; Rise       ; gen_div:gen_100k|tmp ;
;  cloumn[3] ; gen_div:gen_100k|tmp ; 8.232 ; 8.232 ; Rise       ; gen_div:gen_100k|tmp ;
;  cloumn[4] ; gen_div:gen_100k|tmp ; 8.209 ; 8.209 ; Rise       ; gen_div:gen_100k|tmp ;
;  cloumn[5] ; gen_div:gen_100k|tmp ; 8.232 ; 8.232 ; Rise       ; gen_div:gen_100k|tmp ;
;  cloumn[6] ; gen_div:gen_100k|tmp ; 8.681 ; 8.681 ; Rise       ; gen_div:gen_100k|tmp ;
;  cloumn[7] ; gen_div:gen_100k|tmp ; 8.977 ; 8.977 ; Rise       ; gen_div:gen_100k|tmp ;
; row[*]     ; gen_div:gen_100k|tmp ; 8.921 ; 8.921 ; Rise       ; gen_div:gen_100k|tmp ;
;  row[1]    ; gen_div:gen_100k|tmp ; 9.685 ; 9.685 ; Rise       ; gen_div:gen_100k|tmp ;
;  row[3]    ; gen_div:gen_100k|tmp ; 8.921 ; 8.921 ; Rise       ; gen_div:gen_100k|tmp ;
;  row[5]    ; gen_div:gen_100k|tmp ; 9.244 ; 9.244 ; Rise       ; gen_div:gen_100k|tmp ;
;  row[7]    ; gen_div:gen_100k|tmp ; 8.929 ; 8.929 ; Rise       ; gen_div:gen_100k|tmp ;
+------------+----------------------+-------+-------+------------+----------------------+


+-----------------------------------------------------------------------------------------+
; Setup Transfers                                                                         ;
+----------------------+----------------------+----------+----------+----------+----------+
; From Clock           ; To Clock             ; RR Paths ; FR Paths ; RF Paths ; FF Paths ;
+----------------------+----------------------+----------+----------+----------+----------+
; clkin                ; clkin                ; 321      ; 0        ; 0        ; 0        ;
; gen_div:gen_100k|tmp ; clkin                ; 1        ; 1        ; 0        ; 0        ;
; gen_div:gen_100k|tmp ; gen_div:gen_100k|tmp ; 6        ; 0        ; 0        ; 0        ;
+----------------------+----------------------+----------+----------+----------+----------+
Entries labeled "false path" only account for clock-to-clock false paths and not path-based false paths. As a result, actual path counts may be lower than reported.


+-----------------------------------------------------------------------------------------+
; Hold Transfers                                                                          ;
+----------------------+----------------------+----------+----------+----------+----------+
; From Clock           ; To Clock             ; RR Paths ; FR Paths ; RF Paths ; FF Paths ;
+----------------------+----------------------+----------+----------+----------+----------+
; clkin                ; clkin                ; 321      ; 0        ; 0        ; 0        ;
; gen_div:gen_100k|tmp ; clkin                ; 1        ; 1        ; 0        ; 0        ;
; gen_div:gen_100k|tmp ; gen_div:gen_100k|tmp ; 6        ; 0        ; 0        ; 0        ;
+----------------------+----------------------+----------+----------+----------+----------+
Entries labeled "false path" only account for clock-to-clock false paths and not path-based false paths. As a result, actual path counts may be lower than reported.


---------------
; Report TCCS ;
---------------
No dedicated SERDES Transmitter circuitry present in device or used in design


---------------
; Report RSKM ;
---------------
No dedicated SERDES Receiver circuitry present in device or used in design


+------------------------------------------------+
; Unconstrained Paths                            ;
+---------------------------------+-------+------+
; Property                        ; Setup ; Hold ;
+---------------------------------+-------+------+
; Illegal Clocks                  ; 0     ; 0    ;
; Unconstrained Clocks            ; 0     ; 0    ;
; Unconstrained Input Ports       ; 1     ; 1    ;
; Unconstrained Input Port Paths  ; 19    ; 19   ;
; Unconstrained Output Ports      ; 12    ; 12   ;
; Unconstrained Output Port Paths ; 20    ; 20   ;
+---------------------------------+-------+------+


+------------------------------------+
; TimeQuest Timing Analyzer Messages ;
+------------------------------------+
Info: *******************************************************************
Info: Running Quartus II 64-Bit TimeQuest Timing Analyzer
    Info: Version 12.0 Build 178 05/31/2012 SJ Full Version
    Info: Processing started: Wed Nov 16 16:56:59 2016
Info: Command: quartus_sta lattice -c lattice
Info: qsta_default_script.tcl version: #4
Info (20030): Parallel compilation is enabled and will use 4 of the 4 processors detected
Critical Warning (332012): Synopsys Design Constraints File file not found: 'lattice.sdc'. A Synopsys Design Constraints File is required by the TimeQuest Timing Analyzer to get proper timing constraints. Without it, the Compiler will not properly optimize the design.
Info (332142): No user constrained base clocks found in the design. Calling "derive_clocks -period 1.0"
Info (332105): Deriving Clocks
    Info (332105): create_clock -period 1.000 -name clkin clkin
    Info (332105): create_clock -period 1.000 -name gen_div:gen_100k|tmp gen_div:gen_100k|tmp
Info: Found TIMEQUEST_REPORT_SCRIPT_INCLUDE_DEFAULT_ANALYSIS = ON
Critical Warning (332148): Timing requirements not met
Info (332146): Worst-case setup slack is -2.880
    Info (332119):     Slack End Point TNS Clock 
    Info (332119): ========= ============= =====================
    Info (332119):    -2.880       -40.051 clkin 
    Info (332119):    -0.364        -0.964 gen_div:gen_100k|tmp 
Info (332146): Worst-case hold slack is -0.895
    Info (332119):     Slack End Point TNS Clock 
    Info (332119): ========= ============= =====================
    Info (332119):    -0.895        -0.895 clkin 
    Info (332119):     1.047         0.000 gen_div:gen_100k|tmp 
Info (332140): No Recovery paths to report
Info (332140): No Removal paths to report
Info (332146): Worst-case minimum pulse width slack is -1.583
    Info (332119):     Slack End Point TNS Clock 
    Info (332119): ========= ============= =====================
    Info (332119):    -1.583       -43.759 clkin 
    Info (332119):    -1.318        -7.908 gen_div:gen_100k|tmp 
Info (332001): The selected device family is not supported by the report_metastability command.
Info (332102): Design is not fully constrained for setup requirements
Info (332102): Design is not fully constrained for hold requirements
Info: Quartus II 64-Bit TimeQuest Timing Analyzer was successful. 0 errors, 2 warnings
    Info: Peak virtual memory: 376 megabytes
    Info: Processing ended: Wed Nov 16 16:57:01 2016
    Info: Elapsed time: 00:00:02
    Info: Total CPU time (on all processors): 00:00:01


